byobu-config                        getopt                              mkfs.ext2                           script                              udisksctl
byobu-ctrl-a                        getopts                             mkfs.ext3                           scriptlive                          uflow
byobu-disable                       getpcaps                            mkfs.ext4                           scriptreplay                        ufw
byobu-disable-prompt                gettext                             mkfs.fat                            scsi_logging_level                  ugc
byobu-enable                        gettext.sh                          mkfs.minix                          scsi_mandat                         ul
byobu-enable-prompt                 getty                               mkfs.msdos                          scsi_readcap                        ulimit
byobu-export                        ginstall-info                       mkfs.ntfs                           scsi_ready                          umask
byobu-janitor                       gio                                 mkfs.vfat                           scsi_satl                           umount
byobu-keybindings                   gio-querymodules                    mkfs.xfs                            scsi_start                          umount.udisks2
byobu-launch                        git                                 mkhomedir_helper                    scsi_stop                           unalias
byobu-launcher                      git-receive-pack                    mkinitramfs                         scsi_temperature                    uname
byobu-launcher-install              git-shell                           mklost+found                        sdiff                               unattended-upgrade
byobu-launcher-uninstall            git-upload-archive                  mknod                               sed                                 unattended-upgrades
byobu-layout                        git-upload-pack                     mkntfs                              select                              uncompress
byobu-prompt                        glib-compile-schemas                mksquashfs                          select-editor                       undump.bt
byobu-quiet                         gpasswd                             mkswap                              sensible-browser                    unexpand
byobu-reconnect-sockets             gpg                                 mktemp                              sensible-editor                     unicode_start
byobu-screen                        gpg-agent                           mmcli                               sensible-pager                      unicode_stop
byobu-select-backend                gpg-connect-agent                   modinfo                             sensible-terminal                   uniq
byobu-select-profile                gpg-wks-client                      modprobe                            seq                                 unix_chkpwd
byobu-select-session                gpgconf                             mokutil                             service                             unix_update
byobu-shell                         gpgparsemail                        more                                set                                 unlink
byobu-silent                        gpgsm                               mount                               setarch                             unlzma
byobu-status                        gpgsplit                            mount.fuse                          setcap                              unmkinitramfs
byobu-status-detail                 gpgtar                              mount.fuse3                         setfont                             unset
byobu-tmux                          gpgv                                mount.lowntfs-3g                    setkeycodes                         unshare
byobu-ugraph                        gpic                                mount.ntfs                          setleds                             unsquashfs
byobu-ulevel                        grep                                mount.ntfs-3g                       setlogcons                          until
c_rehash                            gresource                           mountpoint                          setmetamode                         unxz
cache_check                         groff                               mountsnoop-bpfcc                    setpci                              unzstd
cache_dump                          grog                                mpathpersist                        setpriv                             uobjnew
cache_metadata_size                 grops                               mpstat                              setsid                              update-alternatives
cache_repair                        grotty                              mt                                  setterm                             update-ca-certificates
cache_restore                       groupadd                            mt-gnu                              setuids.bt                          update-catalog
cache_writeback                     groupdel                            mtr                                 setupcon                            update-grub
cachestat-bpfcc                     groupmems                           mtr-packet                          setvesablank                        update-grub-gfxpayload
cachetop-bpfcc                      groupmod                            multipath                           setvtrgb                            update-grub2
caller                              groups                              multipathc                          sfdisk                              update-ieee-data
capable-bpfcc                       growpart                            multipathd                          sftp                                update-info-dir
capable.bt                          grpck                               mv                                  sg                                  update-initramfs
capsh                               grpconv                             mysqld_qslower-bpfcc                sg_bg_ctl                           update-locale
captoinfo                           grpunconv                           namei                               sg_compare_and_write                update-microcode-initrd
case                                grub-bios-setup                     nameif                              sg_copy_results                     update-mime-database
cat                                 grub-editenv                        nano                                sg_dd                               update-passwd
catman                              grub-file                           naptime.bt                          sg_decode_sense                     update-pciids
cd                                  grub-fstest                         nawk                                sg_emc_trespass                     update-rc.d
cfdisk                              grub-glue-efi                       nc                                  sg_format                           update-secureboot-policy
cftp3                               grub-install                        nc.openbsd                          sg_get_config                       update-shells
cgdisk                              grub-kbdcomp                        needrestart                         sg_get_elem_status                  update-xmlcatalog
chage                               grub-macbless                       neqn                                sg_get_lba_status                   upgrade-from-grub-legacy
chardet                             grub-menulst2cfg                    netaddr                             sg_ident                            uptime
chardetect                          grub-mkconfig                       netcat                              sg_inq                              usb-devices
chattr                              grub-mkdevicemap                    netplan                             sg_logs                             usb_modeswitch
chcon                               grub-mkfont                         netqtop-bpfcc                       sg_luns                             usb_modeswitch_dispatcher
chcpu                               grub-mkimage                        netstat                             sg_map                              usbhid-dump
chfn                                grub-mklayout                       networkctl                          sg_map26                            usbip
chgpasswd                           grub-mknetdir                       networkd-dispatcher                 sg_modes                            usbipd
chgrp                               grub-mkpasswd-pbkdf2                newgrp                              sg_opcodes                          usbreset
chmem                               grub-mkrelpath                      newusers                            sg_persist                          useradd
chmod                               grub-mkrescue                       nfnl_osf                            sg_prevent                          userdel
choom                               grub-mkstandalone                   nfsdist-bpfcc                       sg_raw                              usermod
chown                               grub-mount                          nfsslower-bpfcc                     sg_rbuf                             users
chpasswd                            grub-ntldr-img                      nft                                 sg_rdac                             ustat
chronyc                             grub-probe                          ngettext                            sg_read                             uthreads
chronyd                             grub-reboot                         nice                                sg_read_attr                        utmpdump
chroot                              grub-render-label                   nisdomainname                       sg_read_block_limits                uuidd
chrt                                grub-script-check                   nl                                  sg_read_buffer                      uuidgen
chsh                                grub-set-default                    nodegc-bpfcc                        sg_read_long                        uuidparse
chvt                                grub-syslinux2cfg                   nodestat-bpfcc                      sg_readcap                          validlocale
cifsiostat                          gsettings                           nohup                               sg_reassign                         varlinkctl
ckbcomp                             gtbl                                nologin                             sg_referrals                        vcs-run
ckeygen3                            gunzip                              nproc                               sg_rep_pip                          vcstime
cksum                               gzexe                               nroff                               sg_rep_zones                        vdir
clear                               gzip                                nsenter                             sg_requests                         vdpa
clear_console                       h2ph                                nslookup                            sg_reset                            veritysetup
cloud-id                            h2xs                                nstat                               sg_reset_wp                         vfscount-bpfcc
cloud-init                          halt                                nsupdate                            sg_rmsn                             vfscount.bt
cloud-init-per                      hardirqs-bpfcc                      ntfs-3g                             sg_rtpg                             vfsstat-bpfcc
cmp                                 hardlink                            ntfs-3g.probe                       sg_safte                            vfsstat.bt
cobjnew-bpfcc                       hash                                ntfscat                             sg_sanitize                         vgcfgbackup
codepage                            hd                                  ntfsclone                           sg_sat_identify                     vgcfgrestore
col                                 hdparm                              ntfscluster                         sg_sat_phy_event                    vgchange
col1                                head                                ntfscmp                             sg_sat_read_gplog                   vgck
col2                                help                                ntfscp                              sg_sat_set_features                 vgconvert
col3                                helpztags                           ntfsdecrypt                         sg_scan                             vgcreate
col4                                hexdump                             ntfsfallocate                       sg_seek                             vgdisplay
col5                                hibagent                            ntfsfix                             sg_senddiag                         vgexport
col6                                hibinit-agent                       ntfsinfo                            sg_ses                              vgextend
col7                                history                             ntfslabel                           sg_ses_microcode                    vgimport
col8                                host                                ntfsls                              sg_start                            vgimportclone
col9                                hostid                              ntfsmove                            sg_stpg                             vgmerge
colcrt                              hostname                            ntfsrecover                         sg_stream_ctl                       vgmknodes
colrm                               hostnamectl                         ntfsresize                          sg_sync                             vgreduce
column                              htop                                ntfssecaudit                        sg_test_rwbuf                       vgremove
comm                                hwe-support-status                  ntfstruncate                        sg_timestamp                        vgrename
command                             i386                                ntfsundelete                        sg_turs                             vgs
command_not_found_handle            iconv                               ntfsusermap                         sg_unmap                            vgscan
compactsnoop-bpfcc                  iconvconfig                         ntfswipe                            sg_verify                           vgsplit
compgen                             id                                  numactl                             sg_vpd                              vi
complete                            if                                  numastat                            sg_wr_mode                          view
compopt                             ifconfig                            numfmt                              sg_write_buffer                     vigpg
conch3                              in                                  od                                  sg_write_long                       vigr
continue                            inetutils-telnet                    oem-getlogs                         sg_write_same                       vim
coproc                              info                                offcputime-bpfcc                    sg_write_verify                     vim.basic
corelist                            infobrowser                         offwaketime-bpfcc                   sg_write_x                          vim.tiny
cp                                  infocmp                             on_ac_power                         sg_xcopy                            vimdiff
cpan                                infotocap                           oomkill-bpfcc                       sg_zone                             vimtutor
cpan5.38-x86_64-linux-gnu           init                                oomkill.bt                          sgdisk                              vipw
cpgr                                inject-bpfcc                        opensnoop-bpfcc                     sginfo                              virtiostat-bpfcc
cpio                                insmod                              opensnoop.bt                        sgm_dd                              visudo
cppw                                install                             openssl                             sgp_dd                              vm-support
cpudist-bpfcc                       install-info                        openvt                              sh                                  vmhgfs-fuse
cpupower                            install-sgmlcatalog                 os-prober                           sha1sum                             vmstat
cpuunclaimed-bpfcc                  installkernel                       overlayroot-chroot                  sha224sum                           vmtoolsd
cpuwalk.bt                          instmodsh                           ownership                           sha256sum                           vmware-alias-import
criticalstat-bpfcc                  integritysetup                      pager                               sha384sum                           vmware-checkvm
cron                                invoke-rc.d                         pam-auth-update                     sha512sum                           vmware-hgfsclient
crontab                             ionice                              pam_extrausers_chkpwd               shadowconfig                        vmware-namespace-cmd
cryptdisks_start                    iostat                              pam_extrausers_update               shasum                              vmware-rpctool
cryptdisks_stop                     ip                                  pam_getenv                          shift                               vmware-toolbox-cmd
cryptsetup                          ip6tables                           pam_namespace_helper                shmsnoop-bpfcc                      vmware-vgauth-cmd
csplit                              ip6tables-apply                     pam_timestamp_check                 shopt                               vmware-vmblock-fuse
ctail                               ip6tables-legacy                    parted                              showconsolefont                     vmware-xferlogs
ctrlaltdel                          ip6tables-legacy-restore            partprobe                           showkey                             vpddecode
ctstat                              ip6tables-legacy-save               partx                               shred                               w
curl                                ip6tables-nft                       passwd                              shuf                                wait
cut                                 ip6tables-nft-restore               paste                               shutdown                            wakeuptime-bpfcc
cvtsudoers                          ip6tables-nft-save                  pastebinit                          skill                               wall
dash                                ip6tables-restore                   patch                               slabratetop-bpfcc                   watch
date                                ip6tables-restore-translate         pathchk                             slabtop                             watchgnupg
dbslower-bpfcc                      ip6tables-save                      pbget                               slattach                            wc
dbstat-bpfcc                        ip6tables-translate                 pbput                               sleep                               wdctl
dbus-cleanup-sockets                ipcmk                               pbputs                              slogin                              wget
dbus-daemon                         ipcrm                               pdata_tools                         snap                                whatis
dbus-monitor                        ipcs                                pdb3                                snapctl                             whereis
dbus-run-session                    ipmaddr                             pdb3.12                             snapfuse                            which
dbus-send                           iptables                            peekfd                              snice                               which.debianutils
dbus-update-activation-environment  iptables-apply                      perf                                soelim                              while
dbus-uuidgen                        iptables-legacy                     perl                                sofdsnoop-bpfcc                     whiptail
dbxtool                             iptables-legacy-restore             perl5.38-x86_64-linux-gnu           softirqs-bpfcc                      who
dcb                                 iptables-legacy-save                perl5.38.2                          solisten-bpfcc                      whoami
dcsnoop-bpfcc                       iptables-nft                        perlbug                             sort                                wifi-status
dcsnoop.bt                          iptables-nft-restore                perlcalls-bpfcc                     sos                                 wipefs
dcstat-bpfcc                        iptables-nft-save                   perldoc                             sos-collector                       write
dd                                  iptables-restore                    perlflow-bpfcc                      sosreport                           writeback.bt
deadlock-bpfcc                      iptables-restore-translate          perlivp                             source                              x86_64
deallocvt                           iptables-save                       perlstat-bpfcc                      splain                              x86_energy_perf_policy
deb-systemd-helper                  iptables-translate                  perlthanks                          split                               xargs
deb-systemd-invoke                  iptables-xml                        pgrep                               splitfont                           xauth
debconf                             iptunnel                            phpcalls-bpfcc                      sqfscat                             xdg-user-dir
debconf-apt-progress                irqbalance                          phpflow-bpfcc                       sqfstar                             xdg-user-dirs-update
debconf-communicate                 irqbalance-ui                       phpstat-bpfcc                       ss                                  xfs_admin
debconf-copydb                      ischroot                            pic                                 ssh                                 xfs_bmap
debconf-escape                      iscsi-iname                         pico                                ssh-add                             xfs_copy
debconf-set-selections              iscsi_discovery                     piconv                              ssh-agent                           xfs_db
debconf-show                        iscsiadm                            pidof                               ssh-argv0                           xfs_estimate
debian-distro-info                  iscsid                              pidpersec-bpfcc                     ssh-copy-id                         xfs_freeze
debugfs                             iscsistart                          pidpersec.bt                        ssh-import-id                       xfs_fsr
declare                             isosize                             pidstat                             ssh-import-id-gh                    xfs_growfs
delgroup                            iucode-tool                         pidwait                             ssh-import-id-lp                    xfs_info
delpart                             iucode_tool                         pinentry                            ssh-keygen                          xfs_io
deluser                             javacalls-bpfcc                     pinentry-curses                     ssh-keyscan                         xfs_logprint
delv                                javaflow-bpfcc                      ping                                sshd                                xfs_mdrestore
depmod                              javagc-bpfcc                        ping4                               ssllatency.bt                       xfs_metadump
devlink                             javaobjnew-bpfcc                    ping6                               sslsniff-bpfcc                      xfs_mkfile
df                                  javastat-bpfcc                      pinky                               sslsnoop.bt                         xfs_ncheck
dh_bash-completion                  javathreads-bpfcc                   pivot_root                          ssm-cli                             xfs_quota
dh_installxmlcatalogs               jobs                                pkaction                            stackcount-bpfcc                    xfs_repair
dhcpcd                              join                                pkcheck                             start-stop-daemon                   xfs_rtcp
diff                                journalctl                          pkcon                               stat                                xfs_scrub
diff3                               jq                                  pkill                               static-sh                           xfs_scrub_all
dig                                 json-patch-jsondiff                 pkmon                               statsnoop-bpfcc                     xfs_spaceman
dir                                 json_pp                             pkttyagent                          statsnoop.bt                        xfsdist-bpfcc
dircolors                           jsondiff                            pl2pm                               stdbuf                              xfsdist.bt
dirmngr                             jsonpatch                           pldd                                strace                              xfsslower-bpfcc
dirmngr-client                      jsonpointer                         plipconfig                          strace-log-merge                    xsubpp
dirname                             jsonschema                          plymouth                            streamzip                           xtables-legacy-multi
dirs                                kbd_mode                            plymouthd                           stty                                xtables-monitor
dirtop-bpfcc                        kbdinfo                             pmap                                su                                  xtables-nft-multi
disown                              kbdrate                             pod2html                            sudo                                xxd
distro-info                         kbxutil                             pod2man                             sudo_logsrvd                        xz
dmesg                               keep-one-running                    pod2text                            sudo_sendlog                        xzcat
dmeventd                            kernel-install                      pod2usage                           sudoedit                            xzcmp
dmidecode                           kill                                podchecker                          sudoreplay                          xzdiff
dmsetup                             killall                             pollinate                           sulogin                             xzegrep
dmstats                             killall5                            popd                                sum                                 xzfgrep
dnsdomainname                       killsnoop-bpfcc                     poweroff                            suspend                             xzgrep
do                                  killsnoop.bt                        ppchcalls-bpfcc                     swapin.bt                           xzless
do-release-upgrade                  klockstat-bpfcc                     pr                                  swaplabel                           xzmore
domainname                          kmod                                preconv                             swapoff                             yes
done                                kmodsign                            printenv                            swapon                              ypdomainname
dosfsck                             kpartx                              printf                              switch_root                         zcat
dosfslabel                          kvmexit-bpfcc                       prlimit                             sync                                zcmp
dpkg                                l                                   pro                                 syncsnoop-bpfcc                     zdiff
dpkg-deb                            la                                  profile-bpfcc                       syncsnoop.bt                        zdump
dpkg-divert                         landscape-sysinfo                   prove                               syscount-bpfcc                      zegrep
dpkg-maintscript-helper             last                                prtstat                             syscount.bt                         zerofree
dpkg-preconfigure                   lastb                               ps                                  sysctl                              zfgrep
dpkg-query                          lastlog                             psfaddtable                         systemctl                           zforce
dpkg-realpath                       lcf                                 psfgettable                         systemd                             zfsdist-bpfcc
dpkg-reconfigure                    ld.so                               psfstriptable                       systemd-ac-power                    zfsslower-bpfcc
dpkg-split                          ldattach                            psfxtable                           systemd-analyze                     zgrep
dpkg-statoverride                   ldconfig                            pslog                               systemd-ask-password                zic
dpkg-trigger                        ldconfig.real                       pstree                              systemd-cat                         zipdetails
drsnoop-bpfcc                       ldd                                 pstree.x11                          systemd-cgls                        zless
du                                  less                                ptar                                systemd-cgtop                       zmore
dumpe2fs                            lessecho                            ptardiff                            systemd-confext                     znew
dumpkeys                            lessfile                            ptargrep                            systemd-creds                       zramctl
e2freefrag                          lesskey                             ptx                                 systemd-cryptenroll                 zstd
e2fsck                              lesspipe                            purge-old-kernels                   systemd-cryptsetup                  zstdcat
e2image                             let                                 pushd                               systemd-delta                       zstdgrep
e2label                             lexgrog                             pvchange                            systemd-detect-virt                 zstdless
e2mmpstatus                         libnetcfg                           pvck                                systemd-escape                      zstdmt
e2scrub                             link                                pvcreate                            systemd-firstboot                   {
e2scrub_all                         linux-boot-prober                   pvdisplay                           systemd-hwdb                        }
root@ip-172-31-33-107:/home/ubuntu# 
root@ip-172-31-33-107:/home/ubuntu# 
root@ip-172-31-33-107:/home/ubuntu# 
root@ip-172-31-33-107:/home/ubuntu# 
root@ip-172-31-33-107:/home/ubuntu# 
root@ip-172-31-33-107:/home/ubuntu# 
root@ip-172-31-33-107:/home/ubuntu# 
root@ip-172-31-33-107:/home/ubuntu# 
root@ip-172-31-33-107:/home/ubuntu# 
root@ip-172-31-33-107:/home/ubuntu# 
root@ip-172-31-33-107:/home/ubuntu# 
root@ip-172-31-33-107:/home/ubuntu# 
root@ip-172-31-33-107:/home/ubuntu# 
root@ip-172-31-33-107:/home/ubuntu# 
root@ip-172-31-33-107:/home/ubuntu# 
top - 09:22:00 up  1:39,  1 user,  load average: 0.00, 0.00, 0.00
Tasks: 104 total,   1 running, 103 sleeping,   0 stopped,   0 zombie
%Cpu(s):  0.0 us,  0.0 sy,  0.0 ni,100.0 id,  0.0 wa,  0.0 hi,  0.0 si,  0.0 st 
MiB Mem :    914.2 total,    378.7 free,    334.7 used,    358.2 buff/cache     
MiB Swap:      0.0 total,      0.0 free,      0.0 used.    579.5 avail Mem 

    PID USER      PR  NI    VIRT    RES    SHR S  %CPU  %MEM     TIME+ COMMAND                                                                                                                       
   1867 ubuntu    20   0   12368   5760   3584 R   0.3   0.6   0:00.02 top                                                                                                                           
      1 root      20   0   22600  13508   9540 S   0.0   1.4   0:01.86 systemd                                                                                                                       
      2 root      20   0       0      0      0 S   0.0   0.0   0:00.00 kthreadd                                                                                                                      
      3 root      20   0       0      0      0 S   0.0   0.0   0:00.00 pool_workqueue_release                                                                                                        
      4 root       0 -20       0      0      0 I   0.0   0.0   0:00.00 kworker/R-rcu_g                                                                                                               
      5 root       0 -20       0      0      0 I   0.0   0.0   0:00.00 kworker/R-rcu_p                                                                                                               
      6 root       0 -20       0      0      0 I   0.0   0.0   0:00.00 kworker/R-slub_                                                                                                               
      7 root       0 -20       0      0      0 I   0.0   0.0   0:00.00 kworker/R-netns                                                                                                               
      9 root       0 -20       0      0      0 I   0.0   0.0   0:00.00 kworker/0:0H-events_highpri                                                                                                   
     12 root       0 -20       0      0      0 I   0.0   0.0   0:00.00 kworker/R-mm_pe                                                                                                               
     13 root      20   0       0      0      0 I   0.0   0.0   0:00.00 rcu_tasks_rude_kthread                                                                                                        
     14 root      20   0       0      0      0 I   0.0   0.0   0:00.00 rcu_tasks_trace_kthread                                                                                                       
     15 root      20   0       0      0      0 S   0.0   0.0   0:00.02 ksoftirqd/0                                                                                                                   
     16 root      20   0       0      0      0 I   0.0   0.0   0:00.08 rcu_sched                                                                                                                     
     17 root      rt   0       0      0      0 S   0.0   0.0   0:00.02 migration/0                                                                                                                   
     18 root     -51   0       0      0      0 S   0.0   0.0   0:00.00 idle_inject/0                                                                                                                 
     19 root      20   0       0      0      0 S   0.0   0.0   0:00.00 cpuhp/0                                                                                                                       
     20 root      20   0       0      0      0 S   0.0   0.0   0:00.00 cpuhp/1                                                                                                                       
     21 root     -51   0       0      0      0 S   0.0   0.0   0:00.00 idle_inject/1                                                                                                                 
     22 root      rt   0       0      0      0 S   0.0   0.0   0:00.05 migration/1                                                                                                                   
     23 root      20   0       0      0      0 S   0.0   0.0   0:00.02 ksoftirqd/1                                                                                                                   
     25 root       0 -20       0      0      0 I   0.0   0.0   0:00.00 kworker/1:0H-events_highpri                                                                                                   
     26 root      20   0       0      0      0 S   0.0   0.0   0:00.00 kdevtmpfs                                                                                                                     
     27 root       0 -20       0      0      0 I   0.0   0.0   0:00.00 kworker/R-inet_                                                                                                               
     29 root      20   0       0      0      0 S   0.0   0.0   0:00.00 kauditd                                                                                                                       
     31 root      20   0       0      0      0 S   0.0   0.0   0:00.00 khungtaskd                                                                                                                    
     32 root      20   0       0      0      0 S   0.0   0.0   0:00.00 oom_reaper                                                                                                                    
     34 root       0 -20       0      0      0 I   0.0   0.0   0:00.00 kworker/R-write                                                                                                               
     35 root      20   0       0      0      0 S   0.0   0.0   0:00.19 kcompactd0                                                                                                                    
     36 root      25   5       0      0      0 S   0.0   0.0   0:00.00 ksmd                                                                                                                          
     37 root      39  19       0      0      0 S   0.0   0.0   0:00.00 khugepaged                                                                                                                    
     38 root       0 -20       0      0      0 I   0.0   0.0   0:00.00 kworker/R-kinte                                                                                                               
     39 root       0 -20       0      0      0 I   0.0   0.0   0:00.00 kworker/R-kbloc                                                                                                               
     40 root       0 -20       0      0      0 I   0.0   0.0   0:00.00 kworker/R-blkcg                                                                                                               
     41 root     -51   0       0      0      0 S   0.0   0.0   0:00.00 irq/9-acpi                                                                                                                    
ubuntu@ip-172-31-33-107:~$ f ree
f: command not found
ubuntu@ip-172-31-33-107:~$ free
               total        used        free      shared  buff/cache   available
Mem:          936096      352024      378444        2768      366800      584072
Swap:              0           0           0
ubuntu@ip-172-31-33-107:~$ pwd
/home/ubuntu
ubuntu@ip-172-31-33-107:~$ sudo apt intall apache2
E: Invalid operation intall
ubuntu@ip-172-31-33-107:~$ sudo apt install apache2
Reading package lists... Done
Building dependency tree... Done
Reading state information... Done
The following additional packages will be installed:
  apache2-bin apache2-data apache2-utils libapr1t64 libaprutil1-dbd-sqlite3 libaprutil1-ldap libaprutil1t64 liblua5.4-0 ssl-cert
Suggested packages:
  apache2-doc apache2-suexec-pristine | apache2-suexec-custom www-browser
The following NEW packages will be installed:
  apache2 apache2-bin apache2-data apache2-utils libapr1t64 libaprutil1-dbd-sqlite3 libaprutil1-ldap libaprutil1t64 liblua5.4-0 ssl-cert
0 upgraded, 10 newly installed, 0 to remove and 0 not upgraded.
Need to get 2084 kB of archives.
After this operation, 8094 kB of additional disk space will be used.
Do you want to continue? [Y/n] y
Get:1 http://eu-north-1.ec2.archive.ubuntu.com/ubuntu noble-updates/main amd64 libapr1t64 amd64 1.7.2-3.1ubuntu0.1 [108 kB]
Get:2 http://eu-north-1.ec2.archive.ubuntu.com/ubuntu noble/main amd64 libaprutil1t64 amd64 1.6.3-1.1ubuntu7 [91.9 kB]
Get:3 http://eu-north-1.ec2.archive.ubuntu.com/ubuntu noble/main amd64 libaprutil1-dbd-sqlite3 amd64 1.6.3-1.1ubuntu7 [11.2 kB]
Get:4 http://eu-north-1.ec2.archive.ubuntu.com/ubuntu noble/main amd64 libaprutil1-ldap amd64 1.6.3-1.1ubuntu7 [9116 B]
Get:5 http://eu-north-1.ec2.archive.ubuntu.com/ubuntu noble/main amd64 liblua5.4-0 amd64 5.4.6-3build2 [166 kB]
Get:6 http://eu-north-1.ec2.archive.ubuntu.com/ubuntu noble-updates/main amd64 apache2-bin amd64 2.4.58-1ubuntu8.4 [1329 kB]
Get:7 http://eu-north-1.ec2.archive.ubuntu.com/ubuntu noble-updates/main amd64 apache2-data all 2.4.58-1ubuntu8.4 [163 kB]
Get:8 http://eu-north-1.ec2.archive.ubuntu.com/ubuntu noble-updates/main amd64 apache2-utils amd64 2.4.58-1ubuntu8.4 [97.1 kB]
Get:9 http://eu-north-1.ec2.archive.ubuntu.com/ubuntu noble-updates/main amd64 apache2 amd64 2.4.58-1ubuntu8.4 [90.2 kB]
Get:10 http://eu-north-1.ec2.archive.ubuntu.com/ubuntu noble/main amd64 ssl-cert all 1.1.2ubuntu1 [17.8 kB]
Fetched 2084 kB in 0s (5357 kB/s)     
Preconfiguring packages ...
Selecting previously unselected package libapr1t64:amd64.
(Reading database ... 67884 files and directories currently installed.)
Preparing to unpack .../0-libapr1t64_1.7.2-3.1ubuntu0.1_amd64.deb ...
Unpacking libapr1t64:amd64 (1.7.2-3.1ubuntu0.1) ...
Selecting previously unselected package libaprutil1t64:amd64.
Preparing to unpack .../1-libaprutil1t64_1.6.3-1.1ubuntu7_amd64.deb ...
Unpacking libaprutil1t64:amd64 (1.6.3-1.1ubuntu7) ...
Selecting previously unselected package libaprutil1-dbd-sqlite3:amd64.
Preparing to unpack .../2-libaprutil1-dbd-sqlite3_1.6.3-1.1ubuntu7_amd64.deb ...
Unpacking libaprutil1-dbd-sqlite3:amd64 (1.6.3-1.1ubuntu7) ...
Selecting previously unselected package libaprutil1-ldap:amd64.
Preparing to unpack .../3-libaprutil1-ldap_1.6.3-1.1ubuntu7_amd64.deb ...
Unpacking libaprutil1-ldap:amd64 (1.6.3-1.1ubuntu7) ...
Selecting previously unselected package liblua5.4-0:amd64.
Preparing to unpack .../4-liblua5.4-0_5.4.6-3build2_amd64.deb ...
Unpacking liblua5.4-0:amd64 (5.4.6-3build2) ...
Selecting previously unselected package apache2-bin.
Preparing to unpack .../5-apache2-bin_2.4.58-1ubuntu8.4_amd64.deb ...
Unpacking apache2-bin (2.4.58-1ubuntu8.4) ...
Selecting previously unselected package apache2-data.
Preparing to unpack .../6-apache2-data_2.4.58-1ubuntu8.4_all.deb ...
Unpacking apache2-data (2.4.58-1ubuntu8.4) ...
Selecting previously unselected package apache2-utils.
Preparing to unpack .../7-apache2-utils_2.4.58-1ubuntu8.4_amd64.deb ...
Unpacking apache2-utils (2.4.58-1ubuntu8.4) ...
Selecting previously unselected package apache2.
Preparing to unpack .../8-apache2_2.4.58-1ubuntu8.4_amd64.deb ...
Unpacking apache2 (2.4.58-1ubuntu8.4) ...
Selecting previously unselected package ssl-cert.
Preparing to unpack .../9-ssl-cert_1.1.2ubuntu1_all.deb ...
Unpacking ssl-cert (1.1.2ubuntu1) ...
Setting up ssl-cert (1.1.2ubuntu1) ...
Created symlink /etc/systemd/system/multi-user.target.wants/ssl-cert.service → /usr/lib/systemd/system/ssl-cert.service.
Setting up libapr1t64:amd64 (1.7.2-3.1ubuntu0.1) ...
Setting up liblua5.4-0:amd64 (5.4.6-3build2) ...
Setting up apache2-data (2.4.58-1ubuntu8.4) ...
Setting up libaprutil1t64:amd64 (1.6.3-1.1ubuntu7) ...
Setting up libaprutil1-ldap:amd64 (1.6.3-1.1ubuntu7) ...
Setting up libaprutil1-dbd-sqlite3:amd64 (1.6.3-1.1ubuntu7) ...
Setting up apache2-utils (2.4.58-1ubuntu8.4) ...
Setting up apache2-bin (2.4.58-1ubuntu8.4) ...
Setting up apache2 (2.4.58-1ubuntu8.4) ...
Enabling module mpm_event.
Enabling module authz_core.
Enabling module authz_host.
Enabling module authn_core.
Enabling module auth_basic.
Enabling module access_compat.
Enabling module authn_file.
Enabling module authz_user.
Enabling module alias.
Enabling module dir.
Enabling module autoindex.
Enabling module env.
Enabling module mime.
Enabling module negotiation.
Enabling module setenvif.
Enabling module filter.
Enabling module deflate.
Enabling module status.
Enabling module reqtimeout.
Enabling conf charset.
Enabling conf localized-error-pages.
Enabling conf other-vhosts-access-log.
Enabling conf security.
Enabling conf serve-cgi-bin.
Enabling site 000-default.
Created symlink /etc/systemd/system/multi-user.target.wants/apache2.service → /usr/lib/systemd/system/apache2.service.
Created symlink /etc/systemd/system/multi-user.target.wants/apache-htcacheclean.service → /usr/lib/systemd/system/apache-htcacheclean.service.
Processing triggers for ufw (0.36.2-6) ...
Processing triggers for man-db (2.12.0-4build2) ...
Processing triggers for libc-bin (2.39-0ubuntu8.3) ...
Scanning processes...                                                                                                                                                                                
Scanning linux images...                                                                                                                                                                             

Running kernel seems to be up-to-date.

No services need to be restarted.

No containers need to be restarted.

No user sessions are running outdated binaries.

No VM guests are running outdated hypervisor (qemu) binaries on this host.
ubuntu@ip-172-31-33-107:~$ sudo service apache2 status
● apache2.service - The Apache HTTP Server
     Loaded: loaded (/usr/lib/systemd/system/apache2.service; enabled; preset: enabled)
     Active: active (running) since Sat 2024-11-16 09:26:39 UTC; 34s ago
       Docs: https://httpd.apache.org/docs/2.4/
   Main PID: 2506 (apache2)
      Tasks: 55 (limit: 1078)
     Memory: 5.6M (peak: 5.9M)
        CPU: 47ms
     CGroup: /system.slice/apache2.service
             ├─2506 /usr/sbin/apache2 -k start
             ├─2508 /usr/sbin/apache2 -k start
             └─2509 /usr/sbin/apache2 -k start

Nov 16 09:26:39 ip-172-31-33-107 systemd[1]: Starting apache2.service - The Apache HTTP Server...
Nov 16 09:26:39 ip-172-31-33-107 systemd[1]: Started apache2.service - The Apache HTTP Server.
ubuntu@ip-172-31-33-107:~$ curl localhost:80
<!DOCTYPE html PUBLIC "-//W3C//DTD XHTML 1.0 Transitional//EN" "http://www.w3.org/TR/xhtml1/DTD/xhtml1-transitional.dtd">
<html xmlns="http://www.w3.org/1999/xhtml">
  <!--
    Modified from the Debian original for Ubuntu
    Last updated: 2022-03-22
    See: https://launchpad.net/bugs/1966004
  -->
  <head>
    <meta http-equiv="Content-Type" content="text/html; charset=UTF-8" />
    <title>Apache2 Ubuntu Default Page: It works</title>
    <style type="text/css" media="screen">
  * {
    margin: 0px 0px 0px 0px;
    padding: 0px 0px 0px 0px;
  }

  body, html {
    padding: 3px 3px 3px 3px;

    background-color: #D8DBE2;

    font-family: Ubuntu, Verdana, sans-serif;
    font-size: 11pt;
    text-align: center;
  }

  div.main_page {
    position: relative;
    display: table;

    width: 800px;

    margin-bottom: 3px;
    margin-left: auto;
    margin-right: auto;
    padding: 0px 0px 0px 0px;

    border-width: 2px;
    border-color: #212738;
    border-style: solid;

    background-color: #FFFFFF;

    text-align: center;
  }

  div.page_header {
    height: 180px;
    width: 100%;

    background-color: #F5F6F7;
  }

  div.page_header span {
    margin: 15px 0px 0px 50px;

    font-size: 180%;
    font-weight: bold;
  }

  div.page_header img {
    margin: 3px 0px 0px 40px;

    border: 0px 0px 0px;
  }

  div.banner {
    padding: 9px 6px 9px 6px;
    background-color: #E9510E;
    color: #FFFFFF;
    font-weight: bold;
    font-size: 112%;
    text-align: center;
    position: absolute;
    left: 40%;
    bottom: 30px;
    width: 20%;
  }

  div.table_of_contents {
    clear: left;

    min-width: 200px;

    margin: 3px 3px 3px 3px;

    background-color: #FFFFFF;

    text-align: left;
  }

  div.table_of_contents_item {
    clear: left;

    width: 100%;

    margin: 4px 0px 0px 0px;

    background-color: #FFFFFF;

    color: #000000;
    text-align: left;
  }

  div.table_of_contents_item a {
    margin: 6px 0px 0px 6px;
  }

  div.content_section {
    margin: 3px 3px 3px 3px;

    background-color: #FFFFFF;

    text-align: left;
  }

  div.content_section_text {
    padding: 4px 8px 4px 8px;

    color: #000000;
    font-size: 100%;
  }

  div.content_section_text pre {
    margin: 8px 0px 8px 0px;
    padding: 8px 8px 8px 8px;

    border-width: 1px;
    border-style: dotted;
    border-color: #000000;

    background-color: #F5F6F7;

    font-style: italic;
  }

  div.content_section_text p {
    margin-bottom: 6px;
  }

  div.content_section_text ul, div.content_section_text li {
    padding: 4px 8px 4px 16px;
  }

  div.section_header {
    padding: 3px 6px 3px 6px;

    background-color: #8E9CB2;

    color: #FFFFFF;
    font-weight: bold;
    font-size: 112%;
    text-align: center;
  }

  div.section_header_grey {
    background-color: #9F9386;
  }

  .floating_element {
    position: relative;
    float: left;
  }

  div.table_of_contents_item a,
  div.content_section_text a {
    text-decoration: none;
    font-weight: bold;
  }

  div.table_of_contents_item a:link,
  div.table_of_contents_item a:visited,
  div.table_of_contents_item a:active {
    color: #000000;
  }

  div.table_of_contents_item a:hover {
    background-color: #000000;

    color: #FFFFFF;
  }

  div.content_section_text a:link,
  div.content_section_text a:visited,
   div.content_section_text a:active {
    background-color: #DCDFE6;

    color: #000000;
  }

  div.content_section_text a:hover {
    background-color: #000000;

    color: #DCDFE6;
  }

  div.validator {
  }
    </style>
  </head>
  <body>
    <div class="main_page">
      <div class="page_header floating_element">
        <img src="icons/ubuntu-logo.png" alt="Ubuntu Logo"
             style="width:184px;height:146px;" class="floating_element" />
        <div>
          <span style="margin-top: 1.5em;" class="floating_element">
            Apache2 Default Page
          </span>
        </div>
        <div class="banner">
          <div id="about"></div>
          It works!
        </div>

      </div>
      <div class="content_section floating_element">
        <div class="content_section_text">
          <p>
                This is the default welcome page used to test the correct 
                operation of the Apache2 server after installation on Ubuntu systems.
                It is based on the equivalent page on Debian, from which the Ubuntu Apache
                packaging is derived.
                If you can read this page, it means that the Apache HTTP server installed at
                this site is working properly. You should <b>replace this file</b> (located at
                <tt>/var/www/html/index.html</tt>) before continuing to operate your HTTP server.
          </p>

          <p>
                If you are a normal user of this web site and don't know what this page is
                about, this probably means that the site is currently unavailable due to
                maintenance.
                If the problem persists, please contact the site's administrator.
          </p>

        </div>
        <div class="section_header">
          <div id="changes"></div>
                Configuration Overview
        </div>
        <div class="content_section_text">
          <p>
                Ubuntu's Apache2 default configuration is different from the
                upstream default configuration, and split into several files optimized for
                interaction with Ubuntu tools. The configuration system is
                <b>fully documented in
                /usr/share/doc/apache2/README.Debian.gz</b>. Refer to this for the full
                documentation. Documentation for the web server itself can be
                found by accessing the <a href="/manual">manual</a> if the <tt>apache2-doc</tt>
                package was installed on this server.
          </p>
          <p>
                The configuration layout for an Apache2 web server installation on Ubuntu systems is as follows:
          </p>
          <pre>
/etc/apache2/
|-- apache2.conf
|       `--  ports.conf
|-- mods-enabled
|       |-- *.load
|       `-- *.conf
|-- conf-enabled
|       `-- *.conf
|-- sites-enabled
|       `-- *.conf
          </pre>
          <ul>
                        <li>
                           <tt>apache2.conf</tt> is the main configuration
                           file. It puts the pieces together by including all remaining configuration
                           files when starting up the web server.
                        </li>

                        <li>
                           <tt>ports.conf</tt> is always included from the
                           main configuration file. It is used to determine the listening ports for
                           incoming connections, and this file can be customized anytime.
                        </li>

                        <li>
                           Configuration files in the <tt>mods-enabled/</tt>,
                           <tt>conf-enabled/</tt> and <tt>sites-enabled/</tt> directories contain
                           particular configuration snippets which manage modules, global configuration
                           fragments, or virtual host configurations, respectively.
                        </li>

                        <li>
                           They are activated by symlinking available
                           configuration files from their respective
                           *-available/ counterparts. These should be managed
                           by using our helpers
                           <tt>
                                a2enmod,
                                a2dismod,
                           </tt>
                           <tt>
                                a2ensite,
                                a2dissite,
                            </tt>
                                and
                           <tt>
                                a2enconf,
                                a2disconf
                           </tt>. See their respective man pages for detailed information.
                        </li>

                        <li>
                           The binary is called apache2 and is managed using systemd, so to
                           start/stop the service use <tt>systemctl start apache2</tt> and
                           <tt>systemctl stop apache2</tt>, and use <tt>systemctl status apache2</tt>
                           and <tt>journalctl -u apache2</tt> to check status.  <tt>system</tt>
                           and <tt>apache2ctl</tt> can also be used for service management if
                           desired.
                           <b>Calling <tt>/usr/bin/apache2</tt> directly will not work</b> with the
                           default configuration.
                        </li>
          </ul>
        </div>

        <div class="section_header">
            <div id="docroot"></div>
                Document Roots
        </div>

        <div class="content_section_text">
            <p>
                By default, Ubuntu does not allow access through the web browser to
                <em>any</em> file outside of those located in <tt>/var/www</tt>,
                <a href="http://httpd.apache.org/docs/2.4/mod/mod_userdir.html" rel="nofollow">public_html</a>
                directories (when enabled) and <tt>/usr/share</tt> (for web
                applications). If your site is using a web document root
                located elsewhere (such as in <tt>/srv</tt>) you may need to whitelist your
                document root directory in <tt>/etc/apache2/apache2.conf</tt>.
            </p>
            <p>
                The default Ubuntu document root is <tt>/var/www/html</tt>. You
                can make your own virtual hosts under /var/www.
            </p>
        </div>

        <div class="section_header">
          <div id="bugs"></div>
                Reporting Problems
        </div>
        <div class="content_section_text">
          <p>
                Please use the <tt>ubuntu-bug</tt> tool to report bugs in the
                Apache2 package with Ubuntu. However, check <a
                href="https://bugs.launchpad.net/ubuntu/+source/apache2"
                rel="nofollow">existing bug reports</a> before reporting a new bug.
          </p>
          <p>
                Please report bugs specific to modules (such as PHP and others)
                to their respective packages, not to the web server itself.
          </p>
        </div>

      </div>
    </div>
    <div class="validator">
    </div>
  </body>
</html>
ubuntu@ip-172-31-33-107:~$ ^[[200~curl -X 'GET' \
>   'https://reqres.in/api/users' \
>   -H 'accept: application/json'~
curl: command not found
ubuntu@ip-172-31-33-107:~$ curl -X 'GET' \
  'https://reqres.in/api/users' \
  -H 'accept: application/json'
{"page":1,"per_page":6,"total":12,"total_pages":2,"data":[{"id":1,"email":"george.bluth@reqres.in","first_name":"George","last_name":"Bluth","avatar":"https://reqres.in/img/faces/1-image.jpg"},{"id":2,"email":"janet.weaver@reqres.in","first_name":"Janet","last_name":"Weaver","avatar":"https://reqres.in/img/faces/2-image.jpg"},{"id":3,"email":"emma.wong@reqres.in","first_name":"Emma","last_name":"Wong","avatar":"https://reqres.in/img/faces/3-image.jpg"},{"id":4,"email":"eve.holt@reqres.in","first_name":"Eve","last_name":"Holt","avatar":"https://reqres.in/img/faces/4-image.jpg"},{"id":5,"email":"charles.morris@reqres.in","first_name":"Charles","last_name":"Morris","avatar":"https://reqres.in/img/faces/5-image.jpg"},{"id":6,"email":"tracey.ramos@reqres.in","first_name":"Tracey","last_name":"Ramos","avatar":"https://reqres.in/img/faces/6-image.jpg"}],"support":{"url":"https://contentcaddy.io?utm_source=reqres&utm_medium=json&utm_campaign=referral","text":"Tired of writing endless social media content? Let Content Caddy generate it for you."}}ubuntu@ip-172-31-33-107:~$ dig google.com

; <<>> DiG 9.18.28-0ubuntu0.24.04.1-Ubuntu <<>> google.com
;; global options: +cmd
;; Got answer:
;; ->>HEADER<<- opcode: QUERY, status: NOERROR, id: 11077
;; flags: qr rd ra; QUERY: 1, ANSWER: 1, AUTHORITY: 0, ADDITIONAL: 1

;; OPT PSEUDOSECTION:
; EDNS: version: 0, flags:; udp: 65494
;; QUESTION SECTION:
;google.com.                    IN      A

;; ANSWER SECTION:
google.com.             78      IN      A       142.250.74.142

;; Query time: 2 msec
;; SERVER: 127.0.0.53#53(127.0.0.53) (UDP)
;; WHEN: Sat Nov 16 09:38:14 UTC 2024
;; MSG SIZE  rcvd: 55

ubuntu@ip-172-31-33-107:~$ man dig
ubuntu@ip-172-31-33-107:~$ ifconfig
ens5: flags=4163<UP,BROADCAST,RUNNING,MULTICAST>  mtu 9001
        inet 172.31.33.107  netmask 255.255.240.0  broadcast 172.31.47.255
        inet6 fe80::8f5:13ff:fe94:1f49  prefixlen 64  scopeid 0x20<link>
        ether 0a:f5:13:94:1f:49  txqueuelen 1000  (Ethernet)
        RX packets 6868  bytes 4593701 (4.5 MB)
        RX errors 0  dropped 0  overruns 0  frame 0
        TX packets 4035  bytes 629394 (629.3 KB)
        TX errors 0  dropped 0 overruns 0  carrier 0  collisions 0

lo: flags=73<UP,LOOPBACK,RUNNING>  mtu 65536
        inet 127.0.0.1  netmask 255.0.0.0
        inet6 ::1  prefixlen 128  scopeid 0x10<host>
        loop  txqueuelen 1000  (Local Loopback)
        RX packets 208  bytes 33209 (33.2 KB)
        RX errors 0  dropped 0  overruns 0  frame 0
        TX packets 208  bytes 33209 (33.2 KB)
        TX errors 0  dropped 0 overruns 0  carrier 0  collisions 0

ubuntu@ip-172-31-33-107:~$ var/www/html
-bash: var/www/html: No such file or directory
ubuntu@ip-172-31-33-107:~$ cd var/www/html
-bash: cd: var/www/html: No such file or directory
ubuntu@ip-172-31-33-107:~$ /var/www/html
-bash: /var/www/html: Is a directory
ubuntu@ip-172-31-33-107:~$ cd /var/www/html
ubuntu@ip-172-31-33-107:/var/www/html$ sudo nano index.html
ubuntu@ip-172-31-33-107:/var/www/html$ sudo service apache2 restart
ubuntu@ip-172-31-33-107:/var/www/html$ sudo nano index.html
ubuntu@ip-172-31-33-107:/var/www/html$ sudo rm index.html
ubuntu@ip-172-31-33-107:/var/www/html$ sudo nano index.html
ubuntu@ip-172-31-33-107:/var/www/html$ sudo service apache2 restart
ubuntu@ip-172-31-33-107:/var/www/html$ sudo rm index.html
ubuntu@ip-172-31-33-107:/var/www/html$ sudo nano index.html
ubuntu@ip-172-31-33-107:/var/www/html$ sudo service apache2 restart
ubuntu@ip-172-31-33-107:/var/www/html$ sudo rm index.html
ubuntu@ip-172-31-33-107:/var/www/html$ sudo nano index.html
ubuntu@ip-172-31-33-107:/var/www/html$ sudo service apache2 restart
ubuntu@ip-172-31-33-107:/var/www/html$ pwd
/var/www/html
ubuntu@ip-172-31-33-107:/var/www/html$ sudo apt install mosquito
Reading package lists... Done
Building dependency tree... Done
Reading state information... Done
E: Unable to locate package mosquito
ubuntu@ip-172-31-33-107:/var/www/html$ sudo apt install Mosquito
Reading package lists... Done
Building dependency tree... Done
Reading state information... Done
E: Unable to locate package Mosquito
ubuntu@ip-172-31-33-107:/var/www/html$ sudo apt install Mosquitto
Reading package lists... Done
Building dependency tree... Done
Reading state information... Done
E: Unable to locate package Mosquitto
ubuntu@ip-172-31-33-107:/var/www/html$ sudo apt install mosquitto
Reading package lists... Done
Building dependency tree... Done
Reading state information... Done

No apt package "mosquitto", but there is a snap with that name.
Try "snap install mosquitto"

E: Unable to locate package mosquitto
ubuntu@ip-172-31-33-107:/var/www/html$ snap install mosquitto
error: access denied (try with sudo)
ubuntu@ip-172-31-33-107:/var/www/html$ cd ../../../
ubuntu@ip-172-31-33-107:/$ sudo apt install mosquitto
Reading package lists... Done
Building dependency tree... Done
Reading state information... Done

No apt package "mosquitto", but there is a snap with that name.
Try "snap install mosquitto"

E: Unable to locate package mosquitto
ubuntu@ip-172-31-33-107:/$ sudo apt install Mosquitto
Reading package lists... Done
Building dependency tree... Done
Reading state information... Done
E: Unable to locate package Mosquitto
ubuntu@ip-172-31-33-107:/$ sudo snap install mosquitto
mosquitto 2.0.20 from Mosquitto Team (mosquitto✓) installed
ubuntu@ip-172-31-33-107:/$ sudo apt update
Hit:1 http://eu-north-1.ec2.archive.ubuntu.com/ubuntu noble InRelease
Get:2 http://eu-north-1.ec2.archive.ubuntu.com/ubuntu noble-updates InRelease [126 kB]
Get:3 http://eu-north-1.ec2.archive.ubuntu.com/ubuntu noble-backports InRelease [126 kB]
Get:4 http://security.ubuntu.com/ubuntu noble-security InRelease [126 kB]  
Get:5 http://eu-north-1.ec2.archive.ubuntu.com/ubuntu noble/universe amd64 Packages [15.0 MB]
Get:6 http://eu-north-1.ec2.archive.ubuntu.com/ubuntu noble/universe Translation-en [5982 kB]
Get:7 http://eu-north-1.ec2.archive.ubuntu.com/ubuntu noble/universe amd64 Components [3871 kB] 
Get:8 http://eu-north-1.ec2.archive.ubuntu.com/ubuntu noble/universe amd64 c-n-f Metadata [301 kB]
Get:9 http://eu-north-1.ec2.archive.ubuntu.com/ubuntu noble/multiverse amd64 Packages [269 kB]
Get:10 http://eu-north-1.ec2.archive.ubuntu.com/ubuntu noble/multiverse Translation-en [118 kB]
Get:11 http://eu-north-1.ec2.archive.ubuntu.com/ubuntu noble/multiverse amd64 Components [35.0 kB]
Get:12 http://eu-north-1.ec2.archive.ubuntu.com/ubuntu noble/multiverse amd64 c-n-f Metadata [8328 B]
Get:13 http://eu-north-1.ec2.archive.ubuntu.com/ubuntu noble-updates/main amd64 Packages [639 kB]
Get:14 http://eu-north-1.ec2.archive.ubuntu.com/ubuntu noble-updates/main Translation-en [153 kB]
Get:15 http://eu-north-1.ec2.archive.ubuntu.com/ubuntu noble-updates/main amd64 Components [120 kB]
Get:16 http://eu-north-1.ec2.archive.ubuntu.com/ubuntu noble-updates/main amd64 c-n-f Metadata [10.4 kB]
Get:17 http://eu-north-1.ec2.archive.ubuntu.com/ubuntu noble-updates/universe amd64 Packages [718 kB]
Get:18 http://eu-north-1.ec2.archive.ubuntu.com/ubuntu noble-updates/universe Translation-en [213 kB]
Get:19 http://eu-north-1.ec2.archive.ubuntu.com/ubuntu noble-updates/universe amd64 Components [310 kB]
Get:20 http://eu-north-1.ec2.archive.ubuntu.com/ubuntu noble-updates/universe amd64 c-n-f Metadata [19.9 kB]
Get:21 http://eu-north-1.ec2.archive.ubuntu.com/ubuntu noble-updates/restricted amd64 Packages [434 kB]
Get:22 http://eu-north-1.ec2.archive.ubuntu.com/ubuntu noble-updates/restricted Translation-en [83.4 kB]
Get:23 http://eu-north-1.ec2.archive.ubuntu.com/ubuntu noble-updates/restricted amd64 Components [212 B]
Get:24 http://eu-north-1.ec2.archive.ubuntu.com/ubuntu noble-updates/restricted amd64 c-n-f Metadata [424 B]
Get:25 http://eu-north-1.ec2.archive.ubuntu.com/ubuntu noble-updates/multiverse amd64 Packages [15.0 kB]
Get:26 http://eu-north-1.ec2.archive.ubuntu.com/ubuntu noble-updates/multiverse Translation-en [3820 B]
Get:27 http://eu-north-1.ec2.archive.ubuntu.com/ubuntu noble-updates/multiverse amd64 Components [940 B]
Get:28 http://eu-north-1.ec2.archive.ubuntu.com/ubuntu noble-updates/multiverse amd64 c-n-f Metadata [552 B]
Get:29 http://eu-north-1.ec2.archive.ubuntu.com/ubuntu noble-backports/main amd64 Components [208 B]
Get:30 http://eu-north-1.ec2.archive.ubuntu.com/ubuntu noble-backports/main amd64 c-n-f Metadata [112 B]
Get:31 http://eu-north-1.ec2.archive.ubuntu.com/ubuntu noble-backports/universe amd64 Packages [10.6 kB]
Get:32 http://eu-north-1.ec2.archive.ubuntu.com/ubuntu noble-backports/universe Translation-en [10.8 kB]
Get:33 http://eu-north-1.ec2.archive.ubuntu.com/ubuntu noble-backports/universe amd64 Components [21.0 kB]
Get:34 http://eu-north-1.ec2.archive.ubuntu.com/ubuntu noble-backports/universe amd64 c-n-f Metadata [1104 B]
Get:35 http://eu-north-1.ec2.archive.ubuntu.com/ubuntu noble-backports/restricted amd64 Components [216 B]
Get:36 http://eu-north-1.ec2.archive.ubuntu.com/ubuntu noble-backports/restricted amd64 c-n-f Metadata [116 B]
Get:37 http://eu-north-1.ec2.archive.ubuntu.com/ubuntu noble-backports/multiverse amd64 Components [212 B]
Get:38 http://eu-north-1.ec2.archive.ubuntu.com/ubuntu noble-backports/multiverse amd64 c-n-f Metadata [116 B]
Get:39 http://security.ubuntu.com/ubuntu noble-security/main amd64 Packages [466 kB]
Get:40 http://security.ubuntu.com/ubuntu noble-security/main Translation-en [98.1 kB]
Get:41 http://security.ubuntu.com/ubuntu noble-security/main amd64 Components [7220 B]
Get:42 http://security.ubuntu.com/ubuntu noble-security/main amd64 c-n-f Metadata [5892 B]
Get:43 http://security.ubuntu.com/ubuntu noble-security/universe amd64 Packages [561 kB]
Get:44 http://security.ubuntu.com/ubuntu noble-security/universe Translation-en [149 kB]
Get:45 http://security.ubuntu.com/ubuntu noble-security/universe amd64 Components [51.9 kB]
Get:46 http://security.ubuntu.com/ubuntu noble-security/universe amd64 c-n-f Metadata [13.5 kB]
Get:47 http://security.ubuntu.com/ubuntu noble-security/restricted amd64 Packages [434 kB]
Get:48 http://security.ubuntu.com/ubuntu noble-security/restricted Translation-en [83.4 kB]
Get:49 http://security.ubuntu.com/ubuntu noble-security/restricted amd64 Components [212 B]
Get:50 http://security.ubuntu.com/ubuntu noble-security/restricted amd64 c-n-f Metadata [424 B]
Get:51 http://security.ubuntu.com/ubuntu noble-security/multiverse amd64 Packages [12.2 kB]
Get:52 http://security.ubuntu.com/ubuntu noble-security/multiverse Translation-en [2940 B]
Get:53 http://security.ubuntu.com/ubuntu noble-security/multiverse amd64 Components [212 B]
Get:54 http://security.ubuntu.com/ubuntu noble-security/multiverse amd64 c-n-f Metadata [356 B]
Fetched 30.7 MB in 5s (5736 kB/s)               
Reading package lists... Done
Building dependency tree... Done
Reading state information... Done
45 packages can be upgraded. Run 'apt list --upgradable' to see them.
ubuntu@ip-172-31-33-107:/$ sudo apt install mosquitto
Reading package lists... Done
Building dependency tree... Done
Reading state information... Done
The following additional packages will be installed:
  libcjson1 libdlt2 libmosquitto1 libwebsockets19t64
The following NEW packages will be installed:
  libcjson1 libdlt2 libmosquitto1 libwebsockets19t64 mosquitto
0 upgraded, 5 newly installed, 0 to remove and 45 not upgraded.
Need to get 616 kB of archives.
After this operation, 1734 kB of additional disk space will be used.
Do you want to continue? [Y/n] y
Get:1 http://eu-north-1.ec2.archive.ubuntu.com/ubuntu noble/universe amd64 libcjson1 amd64 1.7.17-1 [24.8 kB]
Get:2 http://eu-north-1.ec2.archive.ubuntu.com/ubuntu noble/universe amd64 libmosquitto1 amd64 2.0.18-1build3 [54.1 kB]
Get:3 http://eu-north-1.ec2.archive.ubuntu.com/ubuntu noble/universe amd64 libdlt2 amd64 2.18.10-10 [65.4 kB]
Get:4 http://eu-north-1.ec2.archive.ubuntu.com/ubuntu noble/universe amd64 libwebsockets19t64 amd64 4.3.3-1.1build3 [229 kB]
Get:5 http://eu-north-1.ec2.archive.ubuntu.com/ubuntu noble/universe amd64 mosquitto amd64 2.0.18-1build3 [242 kB]
Fetched 616 kB in 0s (3184 kB/s)  
Selecting previously unselected package libcjson1:amd64.
(Reading database ... 68607 files and directories currently installed.)
Preparing to unpack .../libcjson1_1.7.17-1_amd64.deb ...
Unpacking libcjson1:amd64 (1.7.17-1) ...
Selecting previously unselected package libmosquitto1:amd64.
Preparing to unpack .../libmosquitto1_2.0.18-1build3_amd64.deb ...
Unpacking libmosquitto1:amd64 (2.0.18-1build3) ...
Selecting previously unselected package libdlt2:amd64.
Preparing to unpack .../libdlt2_2.18.10-10_amd64.deb ...
Unpacking libdlt2:amd64 (2.18.10-10) ...
Selecting previously unselected package libwebsockets19t64:amd64.
Preparing to unpack .../libwebsockets19t64_4.3.3-1.1build3_amd64.deb ...
Unpacking libwebsockets19t64:amd64 (4.3.3-1.1build3) ...
Selecting previously unselected package mosquitto.
Preparing to unpack .../mosquitto_2.0.18-1build3_amd64.deb ...
Unpacking mosquitto (2.0.18-1build3) ...
Setting up libmosquitto1:amd64 (2.0.18-1build3) ...
Setting up libcjson1:amd64 (1.7.17-1) ...
Setting up libwebsockets19t64:amd64 (4.3.3-1.1build3) ...
Setting up libdlt2:amd64 (2.18.10-10) ...
Setting up mosquitto (2.0.18-1build3) ...
Created symlink /etc/systemd/system/multi-user.target.wants/mosquitto.service → /usr/lib/systemd/system/mosquitto.service.
Could not execute systemctl:  at /usr/bin/deb-systemd-invoke line 148.
Processing triggers for man-db (2.12.0-4build2) ...
Processing triggers for libc-bin (2.39-0ubuntu8.3) ...
Scanning processes...                                                                                                                                                                                
Scanning linux images...                                                                                                                                                                             

Running kernel seems to be up-to-date.

No services need to be restarted.

No containers need to be restarted.

No user sessions are running outdated binaries.

No VM guests are running outdated hypervisor (qemu) binaries on this host.
ubuntu@ip-172-31-33-107:/$ sudo apt install mosquitto mosquitto-clients -y
Reading package lists... Done
Building dependency tree... Done
Reading state information... Done
mosquitto is already the newest version (2.0.18-1build3).
The following NEW packages will be installed:
  mosquitto-clients
0 upgraded, 1 newly installed, 0 to remove and 45 not upgraded.
Need to get 71.9 kB of archives.
After this operation, 304 kB of additional disk space will be used.
Get:1 http://eu-north-1.ec2.archive.ubuntu.com/ubuntu noble/universe amd64 mosquitto-clients amd64 2.0.18-1build3 [71.9 kB]
Fetched 71.9 kB in 0s (694 kB/s)             
Selecting previously unselected package mosquitto-clients.
(Reading database ... 68668 files and directories currently installed.)
Preparing to unpack .../mosquitto-clients_2.0.18-1build3_amd64.deb ...
Unpacking mosquitto-clients (2.0.18-1build3) ...
Setting up mosquitto-clients (2.0.18-1build3) ...
Processing triggers for man-db (2.12.0-4build2) ...
Scanning processes...                                                                                                                                                                                
Scanning linux images...                                                                                                                                                                             

Running kernel seems to be up-to-date.

No services need to be restarted.

No containers need to be restarted.

No user sessions are running outdated binaries.

No VM guests are running outdated hypervisor (qemu) binaries on this host.
ubuntu@ip-172-31-33-107:/$ Embedded Systems Enthusiast
Broadcast message from root@ip-172-31-33-107 (Sat 2024-11-16 10:42:06 UTC):

The system will power off now!
